Microchip MPLAB XC8 Compiler V3.10

Linker command line:

-W-3 \
  --edf=C:\Program Files\Microchip\xc8\v3.10\pic\dat\20250813170317_en.msgs \
  -cn -h+dist/default/production\readTemp.X.production.sym \
  --cmf=dist/default/production\readTemp.X.production.cmf -z -Q16F18446 \
  -oC:\Users\ESOURCE\AppData\Local\Temp\xcAsjg.0\driver_tmp_3.o \
  --defsym=__MPLAB_BUILD=1 --fixupoverflow=error \
  -Mdist/default/production/readTemp.X.production.map \
  --md=C:\Users\ESOURCE\AppData\Local\Temp\xcAsjg.0\driver_tmp_0.dat -E1 \
  -ver=XC8 Compiler -ACODE=00h-07FFhx8 -ASTRCODE=00h-03FFFh \
  -ASTRING=00h-0FFhx64 -ACONST=00h-0FFhx64 -AENTRY=00h-0FFhx64 \
  -ACOMMON=070h-07Fh -ABANK0=020h-06Fh -ABANK1=0A0h-0EFh \
  -ABANK2=0120h-016Fh -ABANK3=01A0h-01EFh -ABANK4=0220h-026Fh \
  -ABANK5=02A0h-02EFh -ABANK6=0320h-036Fh -ABANK7=03A0h-03EFh \
  -ABANK8=0420h-046Fh -ABANK9=04A0h-04EFh -ABANK10=0520h-056Fh \
  -ABANK11=05A0h-05EFh -ABANK12=0620h-066Fh -ABANK13=06A0h-06EFh \
  -ABANK14=0720h-076Fh -ABANK15=07A0h-07EFh -ABANK16=0820h-086Fh \
  -ABANK17=08A0h-08EFh -ABANK18=0920h-096Fh -ABANK19=09A0h-09EFh \
  -ABANK20=0A20h-0A6Fh -ABANK21=0AA0h-0AEFh -ABANK22=0B20h-0B6Fh \
  -ABANK23=0BA0h-0BEFh -ABANK24=0C20h-0C6Fh -ABANK25=0CA0h-0CBFh \
  -ABIGRAM=02000h-027EFh \
  -ARAM=020h-06Fh,0A0h-0EFh,0120h-016Fh,01A0h-01EFh,0220h-026Fh,02A0h-02EFh,0320h-036Fh,03A0h-03EFh,0420h-046Fh,04A0h-04EFh,0520h-056Fh,05A0h-05EFh,0620h-066Fh,06A0h-06EFh,0720h-076Fh,07A0h-07EFh,0820h-086Fh,08A0h-08EFh,0920h-096Fh,09A0h-09EFh,0A20h-0A6Fh,0AA0h-0AEFh,0B20h-0B6Fh,0BA0h-0BEFh,0C20h-0C6Fh,0CA0h-0CBFh \
  -AABS1=020h-07Fh,0A0h-0EFh,0120h-016Fh,01A0h-01EFh,0220h-026Fh,02A0h-02EFh,0320h-036Fh,03A0h-03EFh,0420h-046Fh,04A0h-04EFh,0520h-056Fh,05A0h-05EFh,0620h-066Fh,06A0h-06EFh,0720h-076Fh,07A0h-07EFh,0820h-086Fh,08A0h-08EFh,0920h-096Fh,09A0h-09EFh,0A20h-0A6Fh,0AA0h-0AEFh,0B20h-0B6Fh,0BA0h-0BEFh,0C20h-0C6Fh,0CA0h-0CBFh \
  -ASFR0=00h-01Fh -ASFR1=080h-09Fh -ASFR2=0100h-011Fh -ASFR3=0180h-019Fh \
  -ASFR4=0200h-021Fh -ASFR5=0280h-029Fh -ASFR6=0300h-031Fh \
  -ASFR7=0380h-039Fh -ASFR8=0400h-041Fh -ASFR9=0480h-049Fh \
  -ASFR10=0500h-051Fh -ASFR11=0580h-059Fh -ASFR12=0600h-061Fh \
  -ASFR13=0680h-069Fh -ASFR14=0700h-071Fh -ASFR15=0780h-079Fh \
  -ASFR16=0800h-081Fh -ASFR17=0880h-089Fh -ASFR18=0900h-091Fh \
  -ASFR19=0980h-099Fh -ASFR20=0A00h-0A1Fh -ASFR21=0A80h-0A9Fh \
  -ASFR22=0B00h-0B1Fh -ASFR23=0B80h-0B9Fh -ASFR24=0C00h-0C1Fh \
  -ASFR25=0C80h-0C9Fh -ASFR26=0D00h-0D6Fh -ASFR27=0D80h-0DEFh \
  -ASFR28=0E00h-0E6Fh -ASFR29=0E80h-0EEFh -ASFR30=0F00h-0F6Fh \
  -ASFR31=0F80h-0FEFh -ASFR32=01000h-0106Fh -ASFR33=01080h-010EFh \
  -ASFR34=01100h-0116Fh -ASFR35=01180h-011EFh -ASFR36=01200h-0126Fh \
  -ASFR37=01280h-012EFh -ASFR38=01300h-0136Fh -ASFR39=01380h-013EFh \
  -ASFR40=01400h-0146Fh -ASFR41=01480h-014EFh -ASFR42=01500h-0156Fh \
  -ASFR43=01580h-015EFh -ASFR44=01600h-0166Fh -ASFR45=01680h-016EFh \
  -ASFR46=01700h-0176Fh -ASFR47=01780h-017EFh -ASFR48=01800h-0186Fh \
  -ASFR49=01880h-018EFh -ASFR50=01900h-0196Fh -ASFR51=01980h-019EFh \
  -ASFR52=01A00h-01A6Fh -ASFR53=01A80h-01AEFh -ASFR54=01B00h-01B6Fh \
  -ASFR55=01B80h-01BEFh -ASFR56=01C00h-01C6Fh -ASFR57=01C80h-01CEFh \
  -ASFR58=01D00h-01D6Fh -ASFR59=01D80h-01DEFh -ASFR60=01E00h-01E6Fh \
  -ASFR61=01E80h-01EEFh -ASFR62=01F00h-01F6Fh -ASFR63=01F80h-01FEFh \
  -ACONFIG=08007h-0800Bh -DCONFIG=2 -AIDLOC=08000h-08003h -DIDLOC=2 \
  -AEEDATA=00h-0FFh/0F000h -peeprom_data=EEDATA -DEEDATA=2 -DCODE=2 \
  -DSTRCODE=2 -DSTRING=2 -DCONST=2 -DENTRY=2 \
  -preset_vec=00h,intentry=04h,sivt,init,end_init -ppowerup=CODE \
  -pcinit=CODE -pfunctab=ENTRY -k \
  C:\Users\ESOURCE\AppData\Local\Temp\xcAsjg.0\driver_tmp_20.o \
  dist/default/production\readTemp.X.production.o 

Object code version is 3.11

Machine type is 16F18446



                Name                               Link     Load   Length Selector   Space Scale
C:\Users\ESOURCE\AppData\Local\Temp\xcAsjg.0\driver_tmp_20.o
                end_init                             28       28        2        8       0
                reset_vec                             0        0        2        0       0
                config                             8007     8007        5        0       4
dist/default/production\readTemp.X.production.o
                cinit                                2A       2A       1C        8       0
                intentry                              4        4       24        8       0
                config                             8007     8007        5        0       4
                text78                             1F8C     1F8C        4     3F18       0
                text77                             1F71     1F71        3     3EE2       0
                text76                             1F74     1F74        3     3EE8       0
                text75                             1F90     1F90        4     3F20       0
                text74                             108E     108E       15     211C       0
                text73                             1F77     1F77        3     3EEE       0
                text72                             1F94     1F94        4     3F28       0
                text71                             1F7A     1F7A        3     3EF4       0
                text70                             1F98     1F98        4     3F30       0
                text69                             1F9C     1F9C        4     3F38       0
                text68                             1F7D     1F7D        3     3EFA       0
                text67                             1F80     1F80        3     3F00       0
                text66                             1FB4     1FB4        5     3F68       0
                text65                             1F83     1F83        3     3F06       0
                text64                             11DC     11DC       2D     23B8       0
                text63                             1FA0     1FA0        4     3F40       0
                text62                             1FF8     1FF8        8     3FF0       0
                text61                             1FDC     1FDC        7     3FB8       0
                text60                             123D     123D       3A     247A       0
                text59                             1FBE     1FBE        6     3F7C       0
                text58                             1FC4     1FC4        6     3F88       0
                text57                             1006     1006        8     200C       0
                text56                             1FE3     1FE3        7     3FC6       0
                text55                             10D4     10D4       1D     21A8       0
                text54                             1FA4     1FA4        4     3F48       0
                text53                             1FEA     1FEA        7     3FD4       0
                text52                             1FB9     1FB9        5     3F72       0
                text51                             1FCA     1FCA        6     3F94       0
                text50                             12F1     12F1       4C     25E2       0
                text49                             1FA8     1FA8        4     3F50       0
                text47                             100E     100E        9     201C       0
                text46                             1017     1017        C     202E       0
                text45                             1023     1023        C     2046       0
                text44                             10F1     10F1       1D     21E2       0
                text43                             1FAC     1FAC        4     3F58       0
                text42                             102F     102F        F     205E       0
                text41                             1FD0     1FD0        6     3FA0       0
                text40                              800      800        B        8       0
                text39                             12B1     12B1       40     2562       0
                text38                             105C     105C       10     20B8       0
                text37                             175B     175B       A5     2EB6       0
                text36                             1FD6     1FD6        6     3FAC       0
                text35                             1F86     1F86        3     3F0C       0
                text34                             1F89     1F89        3     3F12       0
                text33                             1FF1     1FF1        7     3FE2       0
                text32                             1277     1277       3A     24EE       0
                text31                             13DE     13DE       5C     27BC       0
                text30                             138C     138C       52     2718       0
                text29                             107C     107C       12     20F8       0
                text28                             103E     103E        F     207C       0
                text27                             1FB0     1FB0        4     3F60       0
                text26                             104D     104D        F     209A       0
                text25                             1496     1496       5E     292C       0
                text24                             1194     1194       24     2328       0
                text23                             1209     1209       34     2412       0
                text22                              80B      80B       B8     1016       0
                text21                              A15      A15      1A4     142A       0
                text20                             133D     133D       4F     267A       0
                text19                             16D0     16D0       8B     2DA0       0
                text18                             11B8     11B8       24     2370       0
                text17                              DC5      DC5      23B     1B8A       0
                text16                              7F4      7F4        C        8       0
                text15                              BB9      BB9      20C     1772       0
                text14                             110E     110E       20     221C       0
                text13                             14F4     14F4       6F     29E8       0
                text12                             1651     1651       7F     2CA2       0
                text11                              709      709       EB        8       0
                text10                             10A3     10A3       16     2146       0
                text9                              114E     114E       23     229C       0
                text8                              10B9     10B9       1B     2172       0
                text7                                46       46      6C3        8       0
                text6                              112E     112E       20     225C       0
                text5                              143A     143A       5C     2874       0
                text4                               8C3      8C3      152     1186       0
                text3                              1171     1171       23     22E2       0
                text2                              106C     106C       10     20D8       0
                text1                              1563     1563       73     2AC6       0
                maintext                           15D6     15D6       7B     2BAC       0
                cstackBANK0                          20       20       50       20       1
                cstackCOMMON                         70       70        7       70       1
                cstackBANK1                          A0       A0       4A       A0       1
                cstackBANK2                         13E      13E        C      120       1
                clrtext                            1000     1000        6     1B8A       0
                bssBANK3                            1A0      1A0       50      1A0       1
                bssBANK2                            120      120       1E      120       1
                bssBANK1                             EA       EA        4       A0       1
                bssCOMMON                            77       77        3       70       1
                stringtext8                        2004     2004        4     4000       0
                stringtext7                        2000     2000        4     4000       0
                stringtext6                        188F     188F        C     3000       0
                stringtext5                        1882     1882        D     3000       0
                stringtext4                        1859     1859       15     3000       0
                stringtext3                        1830     1830       29     3000       0
                stringtext2                        186E     186E       14     3000       0
                stringtext1                        1800     1800       30     3000       0

TOTAL           Name                               Link     Load   Length     Space
        CLASS   CODE           
                end_init                             28       28        2         0
                cinit                                2A       2A       1C         0
                intentry                              4        4       24         0
                reset_vec                             0        0        2         0
                text78                             1F8C     1F8C        4         0
                text77                             1F71     1F71        3         0
                text76                             1F74     1F74        3         0
                text75                             1F90     1F90        4         0
                text74                             108E     108E       15         0
                text73                             1F77     1F77        3         0
                text72                             1F94     1F94        4         0
                text71                             1F7A     1F7A        3         0
                text70                             1F98     1F98        4         0
                text69                             1F9C     1F9C        4         0
                text68                             1F7D     1F7D        3         0
                text67                             1F80     1F80        3         0
                text66                             1FB4     1FB4        5         0
                text65                             1F83     1F83        3         0
                text64                             11DC     11DC       2D         0
                text63                             1FA0     1FA0        4         0
                text62                             1FF8     1FF8        8         0
                text61                             1FDC     1FDC        7         0
                text60                             123D     123D       3A         0
                text59                             1FBE     1FBE        6         0
                text58                             1FC4     1FC4        6         0
                text57                             1006     1006        8         0
                text56                             1FE3     1FE3        7         0
                text55                             10D4     10D4       1D         0
                text54                             1FA4     1FA4        4         0
                text53                             1FEA     1FEA        7         0
                text52                             1FB9     1FB9        5         0
                text51                             1FCA     1FCA        6         0
                text50                             12F1     12F1       4C         0
                text49                             1FA8     1FA8        4         0
                text47                             100E     100E        9         0
                text46                             1017     1017        C         0
                text45                             1023     1023        C         0
                text44                             10F1     10F1       1D         0
                text43                             1FAC     1FAC        4         0
                text42                             102F     102F        F         0
                text41                             1FD0     1FD0        6         0
                text40                              800      800        B         0
                text39                             12B1     12B1       40         0
                text38                             105C     105C       10         0
                text37                             175B     175B       A5         0
                text36                             1FD6     1FD6        6         0
                text35                             1F86     1F86        3         0
                text34                             1F89     1F89        3         0
                text33                             1FF1     1FF1        7         0
                text32                             1277     1277       3A         0
                text31                             13DE     13DE       5C         0
                text30                             138C     138C       52         0
                text29                             107C     107C       12         0
                text28                             103E     103E        F         0
                text27                             1FB0     1FB0        4         0
                text26                             104D     104D        F         0
                text25                             1496     1496       5E         0
                text24                             1194     1194       24         0
                text23                             1209     1209       34         0
                text22                              80B      80B       B8         0
                text21                              A15      A15      1A4         0
                text20                             133D     133D       4F         0
                text19                             16D0     16D0       8B         0
                text18                             11B8     11B8       24         0
                text17                              DC5      DC5      23B         0
                text16                              7F4      7F4        C         0
                text15                              BB9      BB9      20C         0
                text14                             110E     110E       20         0
                text13                             14F4     14F4       6F         0
                text12                             1651     1651       7F         0
                text11                              709      709       EB         0
                text10                             10A3     10A3       16         0
                text9                              114E     114E       23         0
                text8                              10B9     10B9       1B         0
                text7                                46       46      6C3         0
                text6                              112E     112E       20         0
                text5                              143A     143A       5C         0
                text4                               8C3      8C3      152         0
                text3                              1171     1171       23         0
                text2                              106C     106C       10         0
                text1                              1563     1563       73         0
                maintext                           15D6     15D6       7B         0
                clrtext                            1000     1000        6         0

        CLASS   STRCODE        
                stringtext8                        2004     2004        4         0
                stringtext7                        2000     2000        4         0
                stringtext6                        188F     188F        C         0
                stringtext5                        1882     1882        D         0
                stringtext4                        1859     1859       15         0
                stringtext3                        1830     1830       29         0
                stringtext2                        186E     186E       14         0
                stringtext1                        1800     1800       30         0

        CLASS   STRING         

        CLASS   CONST          

        CLASS   ENTRY          

        CLASS   COMMON         
                cstackCOMMON                         70       70        7         1
                bssCOMMON                            77       77        3         1

        CLASS   BANK0          
                cstackBANK0                          20       20       50         1

        CLASS   BANK1          
                cstackBANK1                          A0       A0       4A         1
                bssBANK1                             EA       EA        4         1

        CLASS   BANK2          
                cstackBANK2                         13E      13E        C         1
                bssBANK2                            120      120       1E         1

        CLASS   BANK3          
                bssBANK3                            1A0      1A0       50         1

        CLASS   BANK4          

        CLASS   BANK5          

        CLASS   BANK6          

        CLASS   BANK7          

        CLASS   BANK8          

        CLASS   BANK9          

        CLASS   BANK10         

        CLASS   BANK11         

        CLASS   BANK12         

        CLASS   BANK13         

        CLASS   BANK14         

        CLASS   BANK15         

        CLASS   BANK16         

        CLASS   BANK17         

        CLASS   BANK18         

        CLASS   BANK19         

        CLASS   BANK20         

        CLASS   BANK21         

        CLASS   BANK22         

        CLASS   BANK23         

        CLASS   BANK24         

        CLASS   BANK25         

        CLASS   BIGRAM         

        CLASS   RAM            

        CLASS   ABS1           
                abs_s1                               7E       7E        2         1

        CLASS   SFR0           

        CLASS   SFR1           

        CLASS   SFR2           

        CLASS   SFR3           

        CLASS   SFR4           

        CLASS   SFR5           

        CLASS   SFR6           

        CLASS   SFR7           

        CLASS   SFR8           

        CLASS   SFR9           

        CLASS   SFR10          

        CLASS   SFR11          

        CLASS   SFR12          

        CLASS   SFR13          

        CLASS   SFR14          

        CLASS   SFR15          

        CLASS   SFR16          

        CLASS   SFR17          

        CLASS   SFR18          

        CLASS   SFR19          

        CLASS   SFR20          

        CLASS   SFR21          

        CLASS   SFR22          

        CLASS   SFR23          

        CLASS   SFR24          

        CLASS   SFR25          

        CLASS   SFR26          

        CLASS   SFR27          

        CLASS   SFR28          

        CLASS   SFR29          

        CLASS   SFR30          

        CLASS   SFR31          

        CLASS   SFR32          

        CLASS   SFR33          

        CLASS   SFR34          

        CLASS   SFR35          

        CLASS   SFR36          

        CLASS   SFR37          

        CLASS   SFR38          

        CLASS   SFR39          

        CLASS   SFR40          

        CLASS   SFR41          

        CLASS   SFR42          

        CLASS   SFR43          

        CLASS   SFR44          

        CLASS   SFR45          

        CLASS   SFR46          

        CLASS   SFR47          

        CLASS   SFR48          

        CLASS   SFR49          

        CLASS   SFR50          

        CLASS   SFR51          

        CLASS   SFR52          

        CLASS   SFR53          

        CLASS   SFR54          

        CLASS   SFR55          

        CLASS   SFR56          

        CLASS   SFR57          

        CLASS   SFR58          

        CLASS   SFR59          

        CLASS   SFR60          

        CLASS   SFR61          

        CLASS   SFR62          

        CLASS   SFR63          

        CLASS   CONFIG         
                config                             8007     8007        5         4

        CLASS   IDLOC          

        CLASS   EEDATA         

        CLASS   BANK63         

        CLASS   BANK62         

        CLASS   BANK61         

        CLASS   BANK60         

        CLASS   BANK59         

        CLASS   BANK58         

        CLASS   BANK57         

        CLASS   BANK56         

        CLASS   BANK55         

        CLASS   BANK54         

        CLASS   BANK53         

        CLASS   BANK52         

        CLASS   BANK51         

        CLASS   BANK50         

        CLASS   BANK49         

        CLASS   BANK48         

        CLASS   BANK47         

        CLASS   BANK46         

        CLASS   BANK45         

        CLASS   BANK44         

        CLASS   BANK43         

        CLASS   BANK42         

        CLASS   BANK41         

        CLASS   BANK40         

        CLASS   BANK39         

        CLASS   BANK38         

        CLASS   BANK37         

        CLASS   BANK36         

        CLASS   BANK35         

        CLASS   BANK34         

        CLASS   BANK33         

        CLASS   BANK32         

        CLASS   BANK31         

        CLASS   BANK30         

        CLASS   BANK29         

        CLASS   BANK28         

        CLASS   BANK27         

        CLASS   BANK26         

        CLASS   HEAP           

        CLASS   STACK          



SEGMENTS        Name                           Load    Length   Top    Selector   Space  Class     Delta

                reset_vec                      000000  000002  000002         0       0  CODE        2
                intentry                       000004  000807  00080B         8       0  CODE        2
                cstackBANK0                    000020  000050  000070        20       1  BANK0       1
                cstackCOMMON                   000070  00000A  00007A        70       1  COMMON      1
                cstackBANK1                    0000A0  00004E  0000EE        A0       1  BANK1       1
                bssBANK2                       000120  00002A  00014A       120       1  BANK2       1
                bssBANK3                       0001A0  000050  0001F0       1A0       1  BANK3       1
                text22                         00080B  0000B8  0008C3      1016       0  CODE        2
                text4                          0008C3  000152  000A15      1186       0  CODE        2
                text21                         000A15  0001A4  000BB9      142A       0  CODE        2
                text15                         000BB9  00020C  000DC5      1772       0  CODE        2
                text17                         000DC5  000241  001006      1B8A       0  CODE        2
                text57                         001006  000008  00100E      200C       0  CODE        2
                text47                         00100E  000009  001017      201C       0  CODE        2
                text46                         001017  00000C  001023      202E       0  CODE        2
                text45                         001023  00000C  00102F      2046       0  CODE        2
                text42                         00102F  00000F  00103E      205E       0  CODE        2
                text28                         00103E  00000F  00104D      207C       0  CODE        2
                text26                         00104D  00000F  00105C      209A       0  CODE        2
                text38                         00105C  000010  00106C      20B8       0  CODE        2
                text2                          00106C  000010  00107C      20D8       0  CODE        2
                text29                         00107C  000012  00108E      20F8       0  CODE        2
                text74                         00108E  000015  0010A3      211C       0  CODE        2
                text10                         0010A3  000016  0010B9      2146       0  CODE        2
                text8                          0010B9  00001B  0010D4      2172       0  CODE        2
                text55                         0010D4  00001D  0010F1      21A8       0  CODE        2
                text44                         0010F1  00001D  00110E      21E2       0  CODE        2
                text14                         00110E  000020  00112E      221C       0  CODE        2
                text6                          00112E  000020  00114E      225C       0  CODE        2
                text9                          00114E  000023  001171      229C       0  CODE        2
                text3                          001171  000023  001194      22E2       0  CODE        2
                text24                         001194  000024  0011B8      2328       0  CODE        2
                text18                         0011B8  000024  0011DC      2370       0  CODE        2
                text64                         0011DC  00002D  001209      23B8       0  CODE        2
                text23                         001209  000034  00123D      2412       0  CODE        2
                text60                         00123D  00003A  001277      247A       0  CODE        2
                text32                         001277  00003A  0012B1      24EE       0  CODE        2
                text39                         0012B1  000040  0012F1      2562       0  CODE        2
                text50                         0012F1  00004C  00133D      25E2       0  CODE        2
                text20                         00133D  00004F  00138C      267A       0  CODE        2
                text30                         00138C  000052  0013DE      2718       0  CODE        2
                text31                         0013DE  00005C  00143A      27BC       0  CODE        2
                text5                          00143A  00005C  001496      2874       0  CODE        2
                text25                         001496  00005E  0014F4      292C       0  CODE        2
                text13                         0014F4  00006F  001563      29E8       0  CODE        2
                text1                          001563  000073  0015D6      2AC6       0  CODE        2
                maintext                       0015D6  00007B  001651      2BAC       0  CODE        2
                text12                         001651  00007F  0016D0      2CA2       0  CODE        2
                text19                         0016D0  00008B  00175B      2DA0       0  CODE        2
                text37                         00175B  0000A5  001800      2EB6       0  CODE        2
                stringtext1                    001800  00009B  00189B      3000       0  STRCODE     2
                text77                         001F71  000003  001F74      3EE2       0  CODE        2
                text76                         001F74  000003  001F77      3EE8       0  CODE        2
                text73                         001F77  000003  001F7A      3EEE       0  CODE        2
                text71                         001F7A  000003  001F7D      3EF4       0  CODE        2
                text68                         001F7D  000003  001F80      3EFA       0  CODE        2
                text67                         001F80  000003  001F83      3F00       0  CODE        2
                text65                         001F83  000003  001F86      3F06       0  CODE        2
                text35                         001F86  000003  001F89      3F0C       0  CODE        2
                text34                         001F89  000003  001F8C      3F12       0  CODE        2
                text78                         001F8C  000004  001F90      3F18       0  CODE        2
                text75                         001F90  000004  001F94      3F20       0  CODE        2
                text72                         001F94  000004  001F98      3F28       0  CODE        2
                text70                         001F98  000004  001F9C      3F30       0  CODE        2
                text69                         001F9C  000004  001FA0      3F38       0  CODE        2
                text63                         001FA0  000004  001FA4      3F40       0  CODE        2
                text54                         001FA4  000004  001FA8      3F48       0  CODE        2
                text49                         001FA8  000004  001FAC      3F50       0  CODE        2
                text43                         001FAC  000004  001FB0      3F58       0  CODE        2
                text27                         001FB0  000004  001FB4      3F60       0  CODE        2
                text66                         001FB4  000005  001FB9      3F68       0  CODE        2
                text52                         001FB9  000005  001FBE      3F72       0  CODE        2
                text59                         001FBE  000006  001FC4      3F7C       0  CODE        2
                text58                         001FC4  000006  001FCA      3F88       0  CODE        2
                text51                         001FCA  000006  001FD0      3F94       0  CODE        2
                text41                         001FD0  000006  001FD6      3FA0       0  CODE        2
                text36                         001FD6  000006  001FDC      3FAC       0  CODE        2
                text61                         001FDC  000007  001FE3      3FB8       0  CODE        2
                text56                         001FE3  000007  001FEA      3FC6       0  CODE        2
                text53                         001FEA  000007  001FF1      3FD4       0  CODE        2
                text33                         001FF1  000007  001FF8      3FE2       0  CODE        2
                text62                         001FF8  000008  002000      3FF0       0  CODE        2
                stringtext7                    002000  000008  002008      4000       0  STRCODE     2


UNUSED ADDRESS RANGES

        Name                Unused          Largest block    Delta
        BANK1            000EE-000EF               2           1
        BANK10           00520-0056F              50           1
        BANK11           005A0-005EF              50           1
        BANK12           00620-0066F              50           1
        BANK13           006A0-006EF              50           1
        BANK14           00720-0076F              50           1
        BANK15           007A0-007EF              50           1
        BANK16           00820-0086F              50           1
        BANK17           008A0-008EF              50           1
        BANK18           00920-0096F              50           1
        BANK19           009A0-009EF              50           1
        BANK2            0014A-0016F              26           1
        BANK20           00A20-00A6F              50           1
        BANK21           00AA0-00AEF              50           1
        BANK22           00B20-00B6F              50           1
        BANK23           00BA0-00BEF              50           1
        BANK24           00C20-00C6F              50           1
        BANK25           00CA0-00CBF              20           1
        BANK4            00220-0026F              50           1
        BANK5            002A0-002EF              50           1
        BANK6            00320-0036F              50           1
        BANK7            003A0-003EF              50           1
        BANK8            00420-0046F              50           1
        BANK9            004A0-004EF              50           1
        BIGRAM           02000-027EF             7F0           1
        CODE             00002-00003               2           2
                         0189B-01F70             6D6
                         02008-03FFF             800
        COMMON           0007A-0007D               4           1
        CONST            00002-00003               2           2
                         0189B-01F70             100
                         02008-03FFF             100
        EEDATA           0F000-0F0FF             100           2
        ENTRY            00002-00003               2           2
                         0189B-01F70             100
                         02008-03FFF             100
        IDLOC            08000-08003               4           2
        RAM              000EE-000EF               2           1
                         0014A-0016F              26
                         00220-0026F              50
                         002A0-002EF              50
                         00320-0036F              50
                         003A0-003EF              50
                         00420-0046F              50
                         004A0-004EF              50
                         00520-0056F              50
                         005A0-005EF              50
                         00620-0066F              50
                         006A0-006EF              50
                         00720-0076F              50
                         007A0-007EF              50
                         00820-0086F              50
                         008A0-008EF              50
                         00920-0096F              50
                         009A0-009EF              50
                         00A20-00A6F              50
                         00AA0-00AEF              50
                         00B20-00B6F              50
                         00BA0-00BEF              50
                         00C20-00C6F              50
                         00CA0-00CBF              20
        SFR0             00000-0001F              20           1
        SFR1             00080-0009F              20           1
        SFR10            00500-0051F              20           1
        SFR11            00580-0059F              20           1
        SFR12            00600-0061F              20           1
        SFR13            00680-0069F              20           1
        SFR14            00700-0071F              20           1
        SFR15            00780-0079F              20           1
        SFR16            00800-0081F              20           1
        SFR17            00880-0089F              20           1
        SFR18            00900-0091F              20           1
        SFR19            00980-0099F              20           1
        SFR2             00100-0011F              20           1
        SFR20            00A00-00A1F              20           1
        SFR21            00A80-00A9F              20           1
        SFR22            00B00-00B1F              20           1
        SFR23            00B80-00B9F              20           1
        SFR24            00C00-00C1F              20           1
        SFR25            00C80-00C9F              20           1
        SFR26            00D00-00D6F              70           1
        SFR27            00D80-00DEF              70           1
        SFR28            00E00-00E6F              70           1
        SFR29            00E80-00EEF              70           1
        SFR3             00180-0019F              20           1
        SFR30            00F00-00F6F              70           1
        SFR31            00F80-00FEF              70           1
        SFR32            01000-0106F              70           1
        SFR33            01080-010EF              70           1
        SFR34            01100-0116F              70           1
        SFR35            01180-011EF              70           1
        SFR36            01200-0126F              70           1
        SFR37            01280-012EF              70           1
        SFR38            01300-0136F              70           1
        SFR39            01380-013EF              70           1
        SFR4             00200-0021F              20           1
        SFR40            01400-0146F              70           1
        SFR41            01480-014EF              70           1
        SFR42            01500-0156F              70           1
        SFR43            01580-015EF              70           1
        SFR44            01600-0166F              70           1
        SFR45            01680-016EF              70           1
        SFR46            01700-0176F              70           1
        SFR47            01780-017EF              70           1
        SFR48            01800-0186F              70           1
        SFR49            01880-018EF              70           1
        SFR5             00280-0029F              20           1
        SFR50            01900-0196F              70           1
        SFR51            01980-019EF              70           1
        SFR52            01A00-01A6F              70           1
        SFR53            01A80-01AEF              70           1
        SFR54            01B00-01B6F              70           1
        SFR55            01B80-01BEF              70           1
        SFR56            01C00-01C6F              70           1
        SFR57            01C80-01CEF              70           1
        SFR58            01D00-01D6F              70           1
        SFR59            01D80-01DEF              70           1
        SFR6             00300-0031F              20           1
        SFR60            01E00-01E6F              70           1
        SFR61            01E80-01EEF              70           1
        SFR62            01F00-01F6F              70           1
        SFR63            01F80-01FEF              70           1
        SFR7             00380-0039F              20           1
        SFR8             00400-0041F              20           1
        SFR9             00480-0049F              20           1
        STRCODE          00002-00003               2           2
                         0189B-01F70             6D6
                         02008-03FFF            1FF8
        STRING           00002-00003               2           2
                         0189B-01F70             100
                         02008-03FFF             100

                                  Symbol Table

?__Umul8_16                                          cstackCOMMON 00074
?___awdiv                                            cstackBANK0  00020
?___awmod                                            cstackBANK0  00020
?___fladd                                            cstackBANK0  00020
?___fldiv                                            cstackBANK0  0002E
?___flmul                                            cstackBANK0  00027
?___flneg                                            cstackBANK0  00020
?___flsub                                            cstackBANK0  00041
?___fltol                                            cstackBANK0  00020
?___fpclassifyf                                      cstackBANK0  00020
?___wmul                                             cstackBANK0  00020
?___xxtofl                                           cstackBANK0  00020
?_abs                                                cstackBANK0  00024
?_floorf                                             cstackBANK0  00048
?_labs                                               cstackBANK0  00020
?_printf                                             cstackBANK1  000DA
?_readTemp                                           cstackBANK1  000E1
?_read_prec_or_width                                 cstackBANK0  00024
?_vfprintf                                           cstackBANK1  000D3
EUSART1_FramingErrorCallbackRegister@callbackHandler cstackCOMMON 00074
EUSART1_OverrunErrorCallbackRegister@callbackHandler cstackCOMMON 00074
EUSART1_Write@txData                                 cstackCOMMON 00074
I2C1_DataTransmit@data                               cstackCOMMON 00070
I2C1_EVENT_ERROR@retEventState                       cstackCOMMON 00070
I2C1_EVENT_NACK@retEventState                        cstackCOMMON 00070
I2C1_EVENT_RX@retEventState                          cstackCOMMON 00070
I2C1_EVENT_TX@retEventState                          cstackCOMMON 00071
I2C1_ErrorGet@retErrorState                          cstackCOMMON 00074
I2C1_WriteRead@address                               cstackBANK0  00020
I2C1_WriteRead@readData                              cstackBANK0  00025
I2C1_WriteRead@readLength                            cstackBANK0  00026
I2C1_WriteRead@retStatus                             cstackCOMMON 00074
I2C1_WriteRead@writeData                             cstackBANK0  00022
I2C1_WriteRead@writeLength                           cstackBANK0  00023
INT_SetInterruptHandler@InterruptHandler             cstackCOMMON 00074
_ANSELA                                              (abs)        01F38
_ANSELB                                              (abs)        01F43
_ANSELC                                              (abs)        01F4E
_BAUD1CON                                            (abs)        0011F
_BAUD1CONbits                                        (abs)        0011F
_CLOCK_Initialize                                    text47       0100E
_EUSART1_AutoBaudQuery                               (abs)        00000
_EUSART1_AutoBaudSet                                 (abs)        00000
_EUSART1_DefaultFramingErrorCallback                 (abs)        00000
_EUSART1_DefaultOverrunErrorCallback                 (abs)        00000
_EUSART1_Deinitialize                                (abs)        00000
_EUSART1_ErrorGet                                    (abs)        00000
_EUSART1_FramingErrorCallbackRegister                text46       01017
_EUSART1_FramingErrorHandler                         bssBANK1     000EA
_EUSART1_Initialize                                  text44       010F1
_EUSART1_IsRxReady                                   (abs)        00000
_EUSART1_IsTxDone                                    (abs)        00000
_EUSART1_IsTxReady                                   text28       0103E
_EUSART1_IsTxReady$1350                              cstackCOMMON 00074
_EUSART1_OverrunErrorCallbackRegister                text45       01023
_EUSART1_OverrunErrorHandler                         bssBANK2     00138
_EUSART1_Read                                        (abs)        00000
_EUSART1_TransmitDisable                             (abs)        00000
_EUSART1_TransmitEnable                              (abs)        00000
_EUSART1_Write                                       text27       01FB0
_I2C1_AckSend                                        text72       01F94
_I2C1_BusReset                                       text78       01F8C
_I2C1_Callback                                       bssBANK2     0013C
_I2C1_CallbackRegister                               (abs)        00000
_I2C1_Close                                          text74       0108E
_I2C1_DataReceive                                    text71       01F7A
_I2C1_DataTransmit                                   text66       01FB4
_I2C1_Deinitialize                                   (abs)        00000
_I2C1_ERROR_ISR                                      text54       01FA4
_I2C1_EVENT_ERROR                                    text58       01FC4
_I2C1_EVENT_IDLE                                     text63       01FA0
_I2C1_EVENT_NACK                                     text59       01FBE
_I2C1_EVENT_RESET                                    text56       01FE3
_I2C1_EVENT_RX                                       text60       0123D
_I2C1_EVENT_SEND_RD_ADDR                             text62       01FF8
_I2C1_EVENT_SEND_WR_ADDR                             text61       01FDC
_I2C1_EVENT_STOP                                     text57       01006
_I2C1_EVENT_TX                                       text64       011DC
_I2C1_ErrorEventHandler                              text55       010D4
_I2C1_ErrorGet                                       text36       01FD6
_I2C1_ErrorInterruptClear                            text77       01F71
_I2C1_EventHandler                                   text50       012F1
_I2C1_ISR                                            text49       01FA8
_I2C1_Initialize                                     text42       0102F
_I2C1_InterruptClear                                 text76       01F74
_I2C1_InterruptsEnable                               text43       01FAC
_I2C1_IsAddr                                         text53       01FEA
_I2C1_IsBusy                                         text35       01F86
_I2C1_IsData                                         text52       01FB9
_I2C1_IsNack                                         text51       01FCA
_I2C1_IsRxBufFull                                    text70       01F98
_I2C1_NackSend                                       text69       01F9C
_I2C1_Read                                           (abs)        00000
_I2C1_ReceiveEnable                                  text68       01F7D
_I2C1_RestartDisable                                 text67       01F80
_I2C1_RestartEnable                                  text65       01F83
_I2C1_StartSend                                      text34       01F89
_I2C1_StatusFlagsClear                               text75       01F90
_I2C1_StopSend                                       text73       01F77
_I2C1_Write                                          (abs)        00000
_I2C1_WriteRead                                      text32       01277
_I2C1_WriteStart                                     text33       01FF1
_INLVLA                                              (abs)        01F3C
_INLVLB                                              (abs)        01F47
_INLVLC                                              (abs)        01F52
_INTCONbits                                          (abs)        0000B
_INTERRUPT_Initialize                                text40       00800
_INTERRUPT_InterruptManager                          intentry     00004
_INT_DefaultInterruptHandler                         (abs)        00000
_INT_InterruptHandler                                bssBANK1     000EC
_INT_SetInterruptHandler                             text41       01FD0
_IOCAF                                               (abs)        01F3F
_IOCAN                                               (abs)        01F3E
_IOCAP                                               (abs)        01F3D
_IOCBF                                               (abs)        01F4A
_IOCBN                                               (abs)        01F49
_IOCBP                                               (abs)        01F48
_IOCCF                                               (abs)        01F55
_IOCCN                                               (abs)        01F54
_IOCCP                                               (abs)        01F53
_LATA                                                (abs)        00018
_LATB                                                (abs)        00019
_LATC                                                (abs)        0001A
_ODCONA                                              (abs)        01F3A
_ODCONB                                              (abs)        01F45
_ODCONC                                              (abs)        01F50
_OSCCON1                                             (abs)        0088D
_OSCCON3                                             (abs)        0088F
_OSCEN                                               (abs)        00891
_OSCFRQ                                              (abs)        00893
_OSCTUNE                                             (abs)        00892
_PIE3bits                                            (abs)        00719
_PIN_MANAGER_Initialize                              text39       012B1
_PIR0bits                                            (abs)        0070C
_PIR3bits                                            (abs)        0070F
_RB4PPS                                              (abs)        01F1C
_RB6PPS                                              (abs)        01F1E
_RB7PPS                                              (abs)        01F1F
_RC1REG                                              (abs)        00119
_RC1STA                                              (abs)        0011D
_RC1STAbits                                          (abs)        0011D
_RX1PPS                                              (abs)        01ECB
_SLRCONA                                             (abs)        01F3B
_SLRCONB                                             (abs)        01F46
_SLRCONC                                             (abs)        01F51
_SP1BRGH                                             (abs)        0011C
_SP1BRGL                                             (abs)        0011B
_SSP1ADD                                             (abs)        0018D
_SSP1BUF                                             (abs)        0018C
_SSP1CLKPPS                                          (abs)        01EC5
_SSP1CON1                                            (abs)        00190
_SSP1CON1bits                                        (abs)        00190
_SSP1CON2                                            (abs)        00191
_SSP1CON2bits                                        (abs)        00191
_SSP1CON3                                            (abs)        00192
_SSP1DATPPS                                          (abs)        01EC6
_SSP1STAT                                            (abs)        0018F
_SSP1STATbits                                        (abs)        0018F
_SYSTEM_Initialize                                   text38       0105C
_TRISA                                               (abs)        00012
_TRISB                                               (abs)        00013
_TRISC                                               (abs)        00014
_TX1REG                                              (abs)        0011A
_TX1STA                                              (abs)        0011E
_TX1STAbits                                          (abs)        0011E
_WPUA                                                (abs)        01F39
_WPUB                                                (abs)        01F44
_WPUC                                                (abs)        01F4F
__H__absolute__                                      __absolute__ 00000
__Habs1                                              abs1         00000
__Hbank0                                             bank0        00000
__Hbank1                                             bank1        00000
__Hbank10                                            bank10       00000
__Hbank11                                            bank11       00000
__Hbank12                                            bank12       00000
__Hbank13                                            bank13       00000
__Hbank14                                            bank14       00000
__Hbank15                                            bank15       00000
__Hbank16                                            bank16       00000
__Hbank17                                            bank17       00000
__Hbank18                                            bank18       00000
__Hbank19                                            bank19       00000
__Hbank2                                             bank2        00000
__Hbank20                                            bank20       00000
__Hbank21                                            bank21       00000
__Hbank22                                            bank22       00000
__Hbank23                                            bank23       00000
__Hbank24                                            bank24       00000
__Hbank25                                            bank25       00000
__Hbank26                                            bank26       00000
__Hbank27                                            bank27       00000
__Hbank28                                            bank28       00000
__Hbank29                                            bank29       00000
__Hbank3                                             bank3        00000
__Hbank30                                            bank30       00000
__Hbank31                                            bank31       00000
__Hbank32                                            bank32       00000
__Hbank33                                            bank33       00000
__Hbank34                                            bank34       00000
__Hbank35                                            bank35       00000
__Hbank36                                            bank36       00000
__Hbank37                                            bank37       00000
__Hbank38                                            bank38       00000
__Hbank39                                            bank39       00000
__Hbank4                                             bank4        00000
__Hbank40                                            bank40       00000
__Hbank41                                            bank41       00000
__Hbank42                                            bank42       00000
__Hbank43                                            bank43       00000
__Hbank44                                            bank44       00000
__Hbank45                                            bank45       00000
__Hbank46                                            bank46       00000
__Hbank47                                            bank47       00000
__Hbank48                                            bank48       00000
__Hbank49                                            bank49       00000
__Hbank5                                             bank5        00000
__Hbank50                                            bank50       00000
__Hbank51                                            bank51       00000
__Hbank52                                            bank52       00000
__Hbank53                                            bank53       00000
__Hbank54                                            bank54       00000
__Hbank55                                            bank55       00000
__Hbank56                                            bank56       00000
__Hbank57                                            bank57       00000
__Hbank58                                            bank58       00000
__Hbank59                                            bank59       00000
__Hbank6                                             bank6        00000
__Hbank60                                            bank60       00000
__Hbank61                                            bank61       00000
__Hbank62                                            bank62       00000
__Hbank63                                            bank63       00000
__Hbank7                                             bank7        00000
__Hbank8                                             bank8        00000
__Hbank9                                             bank9        00000
__Hbigram                                            bigram       00000
__HbssBANK1                                          bssBANK1     00000
__HbssBANK2                                          bssBANK2     00000
__HbssBANK3                                          bssBANK3     00000
__HbssCOMMON                                         bssCOMMON    00000
__Hcinit                                             cinit        00046
__Hclrtext                                           clrtext      00000
__Hcode                                              code         00000
__Hcommon                                            common       00000
__Hconfig                                            config       0800C
__HcstackBANK0                                       cstackBANK0  00000
__HcstackBANK1                                       cstackBANK1  00000
__HcstackBANK2                                       cstackBANK2  00000
__HcstackCOMMON                                      cstackCOMMON 00000
__Heeprom_data                                       eeprom_data  00000
__Hend_init                                          end_init     0002A
__Hfunctab                                           functab      00000
__Hheap                                              heap         00000
__Hinit                                              init         00028
__Hintentry                                          intentry     00028
__Hmaintext                                          maintext     00000
__Hpowerup                                           powerup      00000
__Hram                                               ram          00000
__Hreset_vec                                         reset_vec    00002
__Hsfr0                                              sfr0         00000
__Hsfr1                                              sfr1         00000
__Hsfr10                                             sfr10        00000
__Hsfr11                                             sfr11        00000
__Hsfr12                                             sfr12        00000
__Hsfr13                                             sfr13        00000
__Hsfr14                                             sfr14        00000
__Hsfr15                                             sfr15        00000
__Hsfr16                                             sfr16        00000
__Hsfr17                                             sfr17        00000
__Hsfr18                                             sfr18        00000
__Hsfr19                                             sfr19        00000
__Hsfr2                                              sfr2         00000
__Hsfr20                                             sfr20        00000
__Hsfr21                                             sfr21        00000
__Hsfr22                                             sfr22        00000
__Hsfr23                                             sfr23        00000
__Hsfr24                                             sfr24        00000
__Hsfr25                                             sfr25        00000
__Hsfr26                                             sfr26        00000
__Hsfr27                                             sfr27        00000
__Hsfr28                                             sfr28        00000
__Hsfr29                                             sfr29        00000
__Hsfr3                                              sfr3         00000
__Hsfr30                                             sfr30        00000
__Hsfr31                                             sfr31        00000
__Hsfr32                                             sfr32        00000
__Hsfr33                                             sfr33        00000
__Hsfr34                                             sfr34        00000
__Hsfr35                                             sfr35        00000
__Hsfr36                                             sfr36        00000
__Hsfr37                                             sfr37        00000
__Hsfr38                                             sfr38        00000
__Hsfr39                                             sfr39        00000
__Hsfr4                                              sfr4         00000
__Hsfr40                                             sfr40        00000
__Hsfr41                                             sfr41        00000
__Hsfr42                                             sfr42        00000
__Hsfr43                                             sfr43        00000
__Hsfr44                                             sfr44        00000
__Hsfr45                                             sfr45        00000
__Hsfr46                                             sfr46        00000
__Hsfr47                                             sfr47        00000
__Hsfr48                                             sfr48        00000
__Hsfr49                                             sfr49        00000
__Hsfr5                                              sfr5         00000
__Hsfr50                                             sfr50        00000
__Hsfr51                                             sfr51        00000
__Hsfr52                                             sfr52        00000
__Hsfr53                                             sfr53        00000
__Hsfr54                                             sfr54        00000
__Hsfr55                                             sfr55        00000
__Hsfr56                                             sfr56        00000
__Hsfr57                                             sfr57        00000
__Hsfr58                                             sfr58        00000
__Hsfr59                                             sfr59        00000
__Hsfr6                                              sfr6         00000
__Hsfr60                                             sfr60        00000
__Hsfr61                                             sfr61        00000
__Hsfr62                                             sfr62        00000
__Hsfr63                                             sfr63        00000
__Hsfr7                                              sfr7         00000
__Hsfr8                                              sfr8         00000
__Hsfr9                                              sfr9         00000
__Hsivt                                              sivt         00028
__Hspace_0                                           (abs)        02008
__Hspace_1                                           (abs)        001F0
__Hspace_2                                           (abs)        00000
__Hspace_3                                           (abs)        00000
__Hspace_4                                           (abs)        10013
__Hstack                                             stack        00000
__Hstrings                                           strings      00000
__Hstringtext1                                       stringtext1  00000
__Hstringtext2                                       stringtext2  00000
__Hstringtext3                                       stringtext3  00000
__Hstringtext4                                       stringtext4  00000
__Hstringtext5                                       stringtext5  00000
__Hstringtext6                                       stringtext6  00000
__Hstringtext7                                       stringtext7  00000
__Hstringtext8                                       stringtext8  00000
__Hstringtext9                                       stringtext9  00000
__Htext                                              text         00000
__L__absolute__                                      __absolute__ 00000
__Labs1                                              abs1         00000
__Lbank0                                             bank0        00000
__Lbank1                                             bank1        00000
__Lbank10                                            bank10       00000
__Lbank11                                            bank11       00000
__Lbank12                                            bank12       00000
__Lbank13                                            bank13       00000
__Lbank14                                            bank14       00000
__Lbank15                                            bank15       00000
__Lbank16                                            bank16       00000
__Lbank17                                            bank17       00000
__Lbank18                                            bank18       00000
__Lbank19                                            bank19       00000
__Lbank2                                             bank2        00000
__Lbank20                                            bank20       00000
__Lbank21                                            bank21       00000
__Lbank22                                            bank22       00000
__Lbank23                                            bank23       00000
__Lbank24                                            bank24       00000
__Lbank25                                            bank25       00000
__Lbank26                                            bank26       00000
__Lbank27                                            bank27       00000
__Lbank28                                            bank28       00000
__Lbank29                                            bank29       00000
__Lbank3                                             bank3        00000
__Lbank30                                            bank30       00000
__Lbank31                                            bank31       00000
__Lbank32                                            bank32       00000
__Lbank33                                            bank33       00000
__Lbank34                                            bank34       00000
__Lbank35                                            bank35       00000
__Lbank36                                            bank36       00000
__Lbank37                                            bank37       00000
__Lbank38                                            bank38       00000
__Lbank39                                            bank39       00000
__Lbank4                                             bank4        00000
__Lbank40                                            bank40       00000
__Lbank41                                            bank41       00000
__Lbank42                                            bank42       00000
__Lbank43                                            bank43       00000
__Lbank44                                            bank44       00000
__Lbank45                                            bank45       00000
__Lbank46                                            bank46       00000
__Lbank47                                            bank47       00000
__Lbank48                                            bank48       00000
__Lbank49                                            bank49       00000
__Lbank5                                             bank5        00000
__Lbank50                                            bank50       00000
__Lbank51                                            bank51       00000
__Lbank52                                            bank52       00000
__Lbank53                                            bank53       00000
__Lbank54                                            bank54       00000
__Lbank55                                            bank55       00000
__Lbank56                                            bank56       00000
__Lbank57                                            bank57       00000
__Lbank58                                            bank58       00000
__Lbank59                                            bank59       00000
__Lbank6                                             bank6        00000
__Lbank60                                            bank60       00000
__Lbank61                                            bank61       00000
__Lbank62                                            bank62       00000
__Lbank63                                            bank63       00000
__Lbank7                                             bank7        00000
__Lbank8                                             bank8        00000
__Lbank9                                             bank9        00000
__Lbigram                                            bigram       00000
__LbssBANK1                                          bssBANK1     00000
__LbssBANK2                                          bssBANK2     00000
__LbssBANK3                                          bssBANK3     00000
__LbssCOMMON                                         bssCOMMON    00000
__Lcinit                                             cinit        0002A
__Lclrtext                                           clrtext      00000
__Lcode                                              code         00000
__Lcommon                                            common       00000
__Lconfig                                            config       00000
__LcstackBANK0                                       cstackBANK0  00000
__LcstackBANK1                                       cstackBANK1  00000
__LcstackBANK2                                       cstackBANK2  00000
__LcstackCOMMON                                      cstackCOMMON 00000
__Leeprom_data                                       eeprom_data  00000
__Lend_init                                          end_init     00028
__Lfunctab                                           functab      00000
__Lheap                                              heap         00000
__Linit                                              init         00028
__Lintentry                                          intentry     00004
__Lmaintext                                          maintext     00000
__Lpowerup                                           powerup      00000
__Lram                                               ram          00000
__Lreset_vec                                         reset_vec    00000
__Lsfr0                                              sfr0         00000
__Lsfr1                                              sfr1         00000
__Lsfr10                                             sfr10        00000
__Lsfr11                                             sfr11        00000
__Lsfr12                                             sfr12        00000
__Lsfr13                                             sfr13        00000
__Lsfr14                                             sfr14        00000
__Lsfr15                                             sfr15        00000
__Lsfr16                                             sfr16        00000
__Lsfr17                                             sfr17        00000
__Lsfr18                                             sfr18        00000
__Lsfr19                                             sfr19        00000
__Lsfr2                                              sfr2         00000
__Lsfr20                                             sfr20        00000
__Lsfr21                                             sfr21        00000
__Lsfr22                                             sfr22        00000
__Lsfr23                                             sfr23        00000
__Lsfr24                                             sfr24        00000
__Lsfr25                                             sfr25        00000
__Lsfr26                                             sfr26        00000
__Lsfr27                                             sfr27        00000
__Lsfr28                                             sfr28        00000
__Lsfr29                                             sfr29        00000
__Lsfr3                                              sfr3         00000
__Lsfr30                                             sfr30        00000
__Lsfr31                                             sfr31        00000
__Lsfr32                                             sfr32        00000
__Lsfr33                                             sfr33        00000
__Lsfr34                                             sfr34        00000
__Lsfr35                                             sfr35        00000
__Lsfr36                                             sfr36        00000
__Lsfr37                                             sfr37        00000
__Lsfr38                                             sfr38        00000
__Lsfr39                                             sfr39        00000
__Lsfr4                                              sfr4         00000
__Lsfr40                                             sfr40        00000
__Lsfr41                                             sfr41        00000
__Lsfr42                                             sfr42        00000
__Lsfr43                                             sfr43        00000
__Lsfr44                                             sfr44        00000
__Lsfr45                                             sfr45        00000
__Lsfr46                                             sfr46        00000
__Lsfr47                                             sfr47        00000
__Lsfr48                                             sfr48        00000
__Lsfr49                                             sfr49        00000
__Lsfr5                                              sfr5         00000
__Lsfr50                                             sfr50        00000
__Lsfr51                                             sfr51        00000
__Lsfr52                                             sfr52        00000
__Lsfr53                                             sfr53        00000
__Lsfr54                                             sfr54        00000
__Lsfr55                                             sfr55        00000
__Lsfr56                                             sfr56        00000
__Lsfr57                                             sfr57        00000
__Lsfr58                                             sfr58        00000
__Lsfr59                                             sfr59        00000
__Lsfr6                                              sfr6         00000
__Lsfr60                                             sfr60        00000
__Lsfr61                                             sfr61        00000
__Lsfr62                                             sfr62        00000
__Lsfr63                                             sfr63        00000
[...]
__ptext49                                            text49       01FA8
__ptext5                                             text5        0143A
__ptext50                                            text50       012F1
__ptext51                                            text51       01FCA
__ptext52                                            text52       01FB9
__ptext53                                            text53       01FEA
__ptext54                                            text54       01FA4
__ptext55                                            text55       010D4
__ptext56                                            text56       01FE3
__ptext57                                            text57       01006
__ptext58                                            text58       01FC4
__ptext59                                            text59       01FBE
__ptext6                                             text6        0112E
__ptext60                                            text60       0123D
__ptext61                                            text61       01FDC
__ptext62                                            text62       01FF8
__ptext63                                            text63       01FA0
__ptext64                                            text64       011DC
__ptext65                                            text65       01F83
__ptext66                                            text66       01FB4
__ptext67                                            text67       01F80
__ptext68                                            text68       01F7D
__ptext69                                            text69       01F9C
__ptext7                                             text7        00046
__ptext70                                            text70       01F98
__ptext71                                            text71       01F7A
__ptext72                                            text72       01F94
__ptext73                                            text73       01F77
__ptext74                                            text74       0108E
__ptext75                                            text75       01F90
__ptext76                                            text76       01F74
__ptext77                                            text77       01F71
__ptext78                                            text78       01F8C
__ptext8                                             text8        010B9
__ptext9                                             text9        0114E
_abs                                                 text29       0107C
_dbuf                                                bssBANK3     001A0
_dtoa                                                text22       0080B
_dtoa$1877                                           cstackBANK0  0003D
_efgtoa                                              text7        00046
_efgtoa$1908                                         cstackBANK1  000A6
_eusart1RxLastError                                  bssBANK2     0013A
_flags                                               bssCOMMON    00079
_floorf                                              text11       00709
_fputc                                               text25       01496
_fputs                                               text24       01194
_i2c1Status                                          bssBANK2     00120
_i2c1_eventTable                                     stringtext3  01830
_labs                                                text10       010A3
_main                                                maintext     015D6
_main$2239                                           cstackBANK2  00144
_memcpy                                              text9        0114E
_pad                                                 text23       01209
_prec                                                bssCOMMON    00077
_printf                                              text2        0106C
_putch                                               text26       0104D
_readTemp                                            text1        01563
_read_prec_or_width                                  text5        0143A
_strcpy                                              text8        010B9
_vfpfcnvrt                                           text4        008C3
_vfprintf                                            text3        01171
_width                                               bssBANK2     00136
abs@a                                                cstackBANK0  00024
btemp                                                (abs)        0007E
btemp0                                               (abs)        0007E
btemp1                                               (abs)        0007F
clear_ram0                                           clrtext      01000
dtoa@d                                               cstackBANK0  0003A
dtoa@fp                                              cstackBANK0  00038
dtoa@i                                               cstackBANK0  00044
dtoa@p                                               cstackBANK0  00041
dtoa@s                                               cstackBANK0  00043
dtoa@w                                               cstackBANK0  0003F
efgtoa@c                                             cstackBANK0  00062
efgtoa@d                                             cstackBANK1  000AB
efgtoa@e                                             cstackBANK1  000AF
efgtoa@f                                             cstackBANK0  0005E
efgtoa@fp                                            cstackBANK0  0005C
efgtoa@g                                             cstackBANK1  000C2
efgtoa@h                                             cstackBANK1  000B9
efgtoa@i                                             cstackBANK1  000B7
efgtoa@l                                             cstackBANK1  000BD
efgtoa@m                                             cstackBANK1  000AD
efgtoa@mode                                          cstackBANK1  000A9
efgtoa@n                                             cstackBANK1  000C6
efgtoa@ne                                            cstackBANK1  000A0
efgtoa@nmode                                         cstackBANK1  000AA
efgtoa@ou                                            cstackBANK1  000B3
efgtoa@p                                             cstackBANK1  000A2
efgtoa@pp                                            cstackBANK1  000A8
efgtoa@sign                                          cstackBANK1  000C1
efgtoa@t                                             cstackBANK1  000A4
efgtoa@u                                             cstackBANK1  000C8
efgtoa@w                                             cstackBANK1  000B1
end_of_initialization                                cinit        00042
floorf@F521                                          bssBANK2     0012E
floorf@e                                             cstackBANK0  00056
floorf@m                                             cstackBANK0  00052
floorf@u                                             cstackBANK0  00058
floorf@x                                             cstackBANK0  00048
fputc@c                                              cstackBANK0  00020
fputc@fp                                             cstackBANK0  00022
fputs@c                                              cstackBANK0  0002E
fputs@fp                                             cstackBANK0  0002A
fputs@i                                              cstackBANK0  0002F
fputs@s                                              cstackBANK0  00029
int$flags                                            (abs)        0007E
intlevel0                                            functab      00000
intlevel1                                            functab      00000
intlevel2                                            functab      00000
intlevel3                                            functab      00000
intlevel4                                            functab      00000
intlevel5                                            functab      00000
labs@a                                               cstackBANK0  00020
ltemp0a                                              (abs)        00080
main@temp                                            cstackBANK2  00148
memcpy@d                                             cstackCOMMON 00075
memcpy@d1                                            cstackBANK0  00020
memcpy@n                                             cstackBANK0  00022
memcpy@s                                             cstackCOMMON 00076
memcpy@s1                                            cstackBANK0  00021
memcpy@tmp                                           cstackCOMMON 00074
pad@buf                                              cstackBANK0  00033
pad@fp                                               cstackBANK0  00031
pad@i                                                cstackBANK0  00036
pad@p                                                cstackBANK0  00034
printf@ap                                            cstackBANK1  000E0
printf@fmt                                           cstackBANK1  000DA
putch@txData                                         cstackCOMMON 00075
readTemp@err                                         cstackBANK2  00143
readTemp@rawTemp                                     cstackBANK2  0013E
readTemp@reg                                         cstackBANK2  00140
readTemp@rxBuf                                       cstackBANK2  00141
read_prec_or_width@ap                                cstackBANK0  00025
read_prec_or_width@c                                 cstackBANK0  00029
read_prec_or_width@fmt                               cstackBANK0  00024
read_prec_or_width@n                                 cstackBANK0  0002A
reset_vec                                            reset_vec    00000
start                                                init         00028
start_initialization                                 cinit        0002A
strcpy@d                                             cstackBANK0  00022
strcpy@dest                                          cstackCOMMON 00074
strcpy@src                                           cstackCOMMON 00075
ttemp0a                                              (abs)        0007F
vfpfcnvrt@ap                                         cstackBANK0  0006A
vfpfcnvrt@c                                          cstackBANK1  000D0
vfpfcnvrt@convarg                                    cstackBANK1  000CC
vfpfcnvrt@cp                                         cstackBANK1  000D1
vfpfcnvrt@fmt                                        cstackBANK0  00069
vfpfcnvrt@fp                                         cstackBANK0  00067
vfprintf@ap                                          cstackBANK1  000D7
vfprintf@cfmt                                        cstackBANK1  000D8
vfprintf@fmt                                         cstackBANK1  000D5
vfprintf@fp                                          cstackBANK1  000D3
wtemp0                                               (abs)        0007E
wtemp0a                                              (abs)        0007F


MODULE INFORMATION

Module		Function		Class		Link	Load	Size
C:\Program Files\Microchip\xc8\v3.10\pic\sources\c99\common\flge.c
		___flge        		CODE           	16D0	0000	139

C:\Program Files\Microchip\xc8\v3.10\pic\sources\c99\common\flge.c estimated size: 139

C:\Program Files\Microchip\xc8\v3.10\pic\sources\c99\common\awmod.c
		___awmod       		CODE           	138C	0000	82

C:\Program Files\Microchip\xc8\v3.10\pic\sources\c99\common\awmod.c estimated size: 82

C:\Program Files\Microchip\xc8\v3.10\pic\sources\c99\common\memcpy.c
		_memcpy        		CODE           	114E	0000	35

C:\Program Files\Microchip\xc8\v3.10\pic\sources\c99\common\memcpy.c estimated size: 35

C:\Program Files\Microchip\xc8\v3.10\pic\sources\c99\common\abs.c
		_abs           		CODE           	107C	0000	18

C:\Program Files\Microchip\xc8\v3.10\pic\sources\c99\common\abs.c estimated size: 18

C:\Program Files\Microchip\xc8\v3.10\pic\sources\c99\common\nf_fputs.c
		_fputs         		CODE           	1194	0000	36

C:\Program Files\Microchip\xc8\v3.10\pic\sources\c99\common\nf_fputs.c estimated size: 36

mcc_generated_files/system/src/interrupt.c
		_INT_SetInterruptHandler		CODE           	1FD0	0000	6
		_INTERRUPT_Initialize		CODE           	0800	0000	11
		_INTERRUPT_InterruptManager		CODE           	0004	0000	36

mcc_generated_files/system/src/interrupt.c estimated size: 53

C:\Program Files\Microchip\xc8\v3.10\pic\sources\c99\common\printf.c
		_printf        		CODE           	106C	0000	16

C:\Program Files\Microchip\xc8\v3.10\pic\sources\c99\common\printf.c estimated size: 16

mcc_generated_files/i2c_host/src/mssp1.c
		_I2C1_EVENT_SEND_WR_ADDR		CODE           	1FDC	0000	7
		_I2C1_NackSend 		CODE           	1F9C	0000	4
		_I2C1_ErrorEventHandler		CODE           	10D4	0000	29
		_I2C1_EVENT_RESET		CODE           	1FE3	0000	7
		_I2C1_EVENT_ERROR		CODE           	1FC4	0000	6
		_I2C1_ErrorInterruptClear		CODE           	1F71	0000	3
		_I2C1_StatusFlagsClear		CODE           	1F90	0000	4
		_I2C1_InterruptsEnable		CODE           	1FAC	0000	4
		_I2C1_InterruptClear		CODE           	1F74	0000	3
		_I2C1_WriteStart		CODE           	1FF1	0000	7
		_I2C1_EVENT_RX 		CODE           	123D	0000	58
		_I2C1_EVENT_TX 		CODE           	11DC	0000	45
		_I2C1_ReceiveEnable		CODE           	1F7D	0000	3
		_I2C1_RestartEnable		CODE           	1F83	0000	3
		_I2C1_ISR      		CODE           	1FA8	0000	4
		_I2C1_EventHandler		CODE           	12F1	0000	76
		_I2C1_DataReceive		CODE           	1F7A	0000	3
		_I2C1_IsData   		CODE           	1FB9	0000	5
		_I2C1_IsNack   		CODE           	1FCA	0000	6
		_I2C1_IsAddr   		CODE           	1FEA	0000	7
		_I2C1_IsBusy   		CODE           	1F86	0000	3
		_I2C1_EVENT_IDLE		CODE           	1FA0	0000	4
		_I2C1_EVENT_NACK		CODE           	1FBE	0000	6
		_I2C1_ErrorGet 		CODE           	1FD6	0000	6
		_I2C1_EVENT_SEND_RD_ADDR		CODE           	1FF8	0000	8
		_I2C1_EVENT_STOP		CODE           	1006	0000	8
		_I2C1_BusReset 		CODE           	1F8C	0000	4
		_I2C1_Initialize		CODE           	102F	0000	15
		_I2C1_Close    		CODE           	108E	0000	21
		_I2C1_ERROR_ISR		CODE           	1FA4	0000	4
		_I2C1_IsRxBufFull		CODE           	1F98	0000	4
		_I2C1_StopSend 		CODE           	1F77	0000	3
		_I2C1_RestartDisable		CODE           	1F80	0000	3
		_I2C1_DataTransmit		CODE           	1FB4	0000	5
		_I2C1_AckSend  		CODE           	1F94	0000	4
		_I2C1_WriteRead		CODE           	1277	0000	58
		_I2C1_StartSend		CODE           	1F89	0000	3

mcc_generated_files/i2c_host/src/mssp1.c estimated size: 443

C:\Program Files\Microchip\xc8\v3.10\pic\sources\c99\common\floorf.c
		_floorf        		CODE           	0709	0000	235

C:\Program Files\Microchip\xc8\v3.10\pic\sources\c99\common\floorf.c estimated size: 235

C:\Program Files\Microchip\xc8\v3.10\pic\sources\c99\common\awdiv.c
		___awdiv       		CODE           	13DE	0000	92

C:\Program Files\Microchip\xc8\v3.10\pic\sources\c99\common\awdiv.c estimated size: 92

C:\Program Files\Microchip\xc8\v3.10\pic\sources\c99\common\__fpclassifyf.c
		___fpclassifyf 		CODE           	1651	0000	127

C:\Program Files\Microchip\xc8\v3.10\pic\sources\c99\common\__fpclassifyf.c estimated size: 127

C:\Program Files\Microchip\xc8\v3.10\pic\sources\c99\common\fltol.c
		___fltol       		CODE           	14F4	0000	111

C:\Program Files\Microchip\xc8\v3.10\pic\sources\c99\common\fltol.c estimated size: 111

C:\Program Files\Microchip\xc8\v3.10\pic\sources\c99\common\sprcmul.c
		___flmul       		CODE           	0DC5	0000	571

C:\Program Files\Microchip\xc8\v3.10\pic\sources\c99\common\sprcmul.c estimated size: 571

C:\Program Files\Microchip\xc8\v3.10\pic\sources\c99\common\fleq.c
		___fleq        		CODE           	133D	0000	79

C:\Program Files\Microchip\xc8\v3.10\pic\sources\c99\common\fleq.c estimated size: 79

mcc_generated_files/system/src/pins.c
		_PIN_MANAGER_Initialize		CODE           	12B1	0000	64

mcc_generated_files/system/src/pins.c estimated size: 64

C:\Program Files\Microchip\xc8\v3.10\pic\sources\c99\common\Umul8_16.c
		__Umul8_16     		CODE           	11B8	0000	36

C:\Program Files\Microchip\xc8\v3.10\pic\sources\c99\common\Umul8_16.c estimated size: 36

C:\Program Files\Microchip\xc8\v3.10\pic\sources\c99\common\xxtofl.c
		___xxtofl      		CODE           	175B	0000	165

C:\Program Files\Microchip\xc8\v3.10\pic\sources\c99\common\xxtofl.c estimated size: 165

C:\Program Files\Microchip\xc8\v3.10\pic\sources\c99\common\sprcdiv.c
		___fldiv       		CODE           	0A15	0000	420

C:\Program Files\Microchip\xc8\v3.10\pic\sources\c99\common\sprcdiv.c estimated size: 420

shared
		__initialization		CODE           	002A	0000	24
		_I2C1_Host     		STRCODE        	0000	0000	0
		_i2c1_eventTable		STRCODE        	1830	0000	18
		_UART1         		STRCODE        	0000	0000	0

shared estimated size: 42

C:\Program Files\Microchip\xc8\v3.10\pic\sources\c99\common\strcpy.c
		_strcpy        		CODE           	10B9	0000	27

C:\Program Files\Microchip\xc8\v3.10\pic\sources\c99\common\strcpy.c estimated size: 27

C:\Program Files\Microchip\xc8\v3.10\pic\sources\c99\common\nf_fputc.c
		_fputc         		CODE           	1496	0000	94

C:\Program Files\Microchip\xc8\v3.10\pic\sources\c99\common\nf_fputc.c estimated size: 94

mcc_generated_files/system/src/clock.c
		_CLOCK_Initialize		CODE           	100E	0000	9

mcc_generated_files/system/src/clock.c estimated size: 9

C:\Program Files\Microchip\xc8\v3.10\pic\sources\c99\common\flneg.c
		___flneg       		CODE           	07F4	0000	12

C:\Program Files\Microchip\xc8\v3.10\pic\sources\c99\common\flneg.c estimated size: 12

C:\Program Files\Microchip\xc8\v3.10\pic\sources\c99\common\doprnt.c
		_read_prec_or_width		CODE           	143A	0000	92
		_vfpfcnvrt     		CODE           	08C3	0000	338
		_efgtoa        		CODE           	0046	0000	1731
		_pad           		CODE           	1209	0000	52
		_dtoa          		CODE           	080B	0000	184
		_vfprintf      		CODE           	1171	0000	35

C:\Program Files\Microchip\xc8\v3.10\pic\sources\c99\common\doprnt.c estimated size: 2432

main.c
		_main          		CODE           	15D6	0000	123
		_readTemp      		CODE           	1563	0000	115

main.c estimated size: 238

C:\Program Files\Microchip\xc8\v3.10\pic\sources\c99\common\labs.c
		_labs          		CODE           	10A3	0000	22

C:\Program Files\Microchip\xc8\v3.10\pic\sources\c99\common\labs.c estimated size: 22

mcc_generated_files/uart/src/eusart1.c
		_EUSART1_Initialize		CODE           	10F1	0000	29
		_putch         		CODE           	104D	0000	15
		_EUSART1_Write 		CODE           	1FB0	0000	4
		_EUSART1_FramingErrorCallbackRegister		CODE           	1017	0000	12
		_EUSART1_IsTxReady		CODE           	103E	0000	15
		_EUSART1_OverrunErrorCallbackRegister		CODE           	1023	0000	12

mcc_generated_files/uart/src/eusart1.c estimated size: 87

C:\Program Files\Microchip\xc8\v3.10\pic\sources\c99\common\sprcadd.c
		___flsub       		CODE           	110E	0000	32
		___fladd       		CODE           	0BB9	0000	524

C:\Program Files\Microchip\xc8\v3.10\pic\sources\c99\common\sprcadd.c estimated size: 556

mcc_generated_files/system/src/system.c
		_SYSTEM_Initialize		CODE           	105C	0000	16

mcc_generated_files/system/src/system.c estimated size: 16

C:\Program Files\Microchip\xc8\v3.10\pic\sources\c99\common\Umul16.c
		___wmul        		CODE           	112E	0000	32

C:\Program Files\Microchip\xc8\v3.10\pic\sources\c99\common\Umul16.c estimated size: 32

